[debug] [2026-07-24T11:27:50.162Z] ----------------------------------------------------------------------
[debug] [2026-07-24T11:27:50.165Z] Command:       C:\Program Files\nodejs\node.exe C:\Users\RAJATAVA DAS\AppData\Roaming\npm\node_modules\firebase-tools\lib\bin\firebase.js apps:list android --json --project=ai-studio-applet-webapp-1b0fc
[debug] [2026-07-24T11:27:50.165Z] CLI Version:   14.16.0
[debug] [2026-07-24T11:27:50.165Z] Platform:      win32
[debug] [2026-07-24T11:27:50.165Z] Node Version:  v22.15.0
[debug] [2026-07-24T11:27:50.166Z] Time:          Fri Jul 24 2026 16:57:50 GMT+0530 (India Standard Time)
[debug] [2026-07-24T11:27:50.166Z] ----------------------------------------------------------------------
[debug] 
[debug] [2026-07-24T11:27:50.172Z] > command requires scopes: ["email","openid","https://www.googleapis.com/auth/cloudplatformprojects.readonly","https://www.googleapis.com/auth/firebase","https://www.googleapis.com/auth/cloud-platform"]
[debug] [2026-07-24T11:27:50.173Z] > authorizing via signed-in user (rajatava2006@gmail.com)
[debug] [2026-07-24T11:27:50.176Z] Checked if tokens are valid: true, expires at: 1784895917919
[debug] [2026-07-24T11:27:50.176Z] Checked if tokens are valid: true, expires at: 1784895917919
[debug] [2026-07-24T11:27:50.177Z] >>> [apiv2][query] GET https://firebase.googleapis.com/v1beta1/projects/ai-studio-applet-webapp-1b0fc/androidApps pageSize=100
[debug] [2026-07-24T11:27:51.314Z] <<< [apiv2][status] GET https://firebase.googleapis.com/v1beta1/projects/ai-studio-applet-webapp-1b0fc/androidApps 200
[debug] [2026-07-24T11:27:51.314Z] <<< [apiv2][body] GET https://firebase.googleapis.com/v1beta1/projects/ai-studio-applet-webapp-1b0fc/androidApps {"apps":[{"name":"projects/ai-studio-applet-webapp-1b0fc/androidApps/1:593111392034:android:2e90e45c7ede6b72e64f7b","appId":"1:593111392034:android:2e90e45c7ede6b72e64f7b","displayName":"Rovlo","projectId":"ai-studio-applet-webapp-1b0fc","packageName":"rovlo.com","apiKeyId":"4a300ea6-bca2-4b1d-8f40-4e7c72af2a56","state":"ACTIVE","sha1Hashes":["5e07a6d50524fdf19a66a8a898ff4395f11fc726"],"sha256Hashes":["94780ba56dea421a487f9bda79caf3b311ceeee5457dd72f4b7de43224aacc70"],"expireTime":"1970-01-01T00:00:00Z","framework":{},"etag":"1_9543a0d5-2397-492c-8177-fde90ee541cd"}]}
[info] ┌──────────────────┬───────────────────────────────────────────────┬──────────┐
│ App Display Name │ App ID                                        │ Platform │
├──────────────────┼───────────────────────────────────────────────┼──────────┤
│ Rovlo            │ 1:593111392034:android:2e90e45c7ede6b72e64f7b │ ANDROID  │
└──────────────────┴───────────────────────────────────────────────┴──────────┘
[info] 
[info] 1 app(s) total.
[debug] [2026-07-24T11:28:01.351Z] Error: Timed out.
    at Timeout._onTimeout (C:\Users\RAJATAVA DAS\AppData\Roaming\npm\node_modules\firebase-tools\lib\utils.js:275:49)
    at listOnTimeout (node:internal/timers:588:17)
    at process.processTimers (node:internal/timers:523:7)
[error] 
[error] Error: An unexpected error has occurred.
